""""""""""""""""""""""""""""""""""""""""""""""""""""""""""""""""""""""""""""""""
""""""""""""""""""""""""""""""""""" MAPPINGS """""""""""""""""""""""""""""""""""
""""""""""""""""""""""""""""""""""""""""""""""""""""""""""""""""""""""""""""""""

vmap <Enter> <Plug>(EasyAlign)

" Tweak existing keys for more natural operation
noremap j gj
noremap k gk
nnoremap Y y$
vnoremap < <gv
vnoremap > >gv
vnoremap . :normal .<CR>

" Plugin mappings
nnoremap <Leader>G :Goyo<CR>
nnoremap <silent> <Leader>gs :Gstatus<CR>
nnoremap <Leader>gu :GundoToggle<CR>
nnoremap <S-Left> :SidewaysLeft<cr>
nnoremap <S-Right> :SidewaysRight<cr>

" Move blocks up and down
vmap <C-Up> xkP`[V`]
vmap <C-Down> xp`[V`]
nnoremap <C-Up> ddkP
nnoremap <C-Down> ddp

" Highlight recent visual selections
nnoremap gV `[v`]

" Fold selection
nnoremap <Leader><space> za
vnoremap <Leader><Space> zf

" Choose a color scheme with fzf
nnoremap <silent> <Leader>C :call fzf#run({
\   'source':
\     map(split(globpath(&rtp, "colors/*.vim"), "\n"),
\         "substitute(fnamemodify(v:val, ':t'), '\\..\\{-}$', '', '')"),
\   'sink':     'colo',
\   'options':  '+m',
\   'left':     20,
\   'launcher': 'xterm -geometry 20x30 -e bash -ic %s'
\ })<CR>

" Use <Leader><Enter> to list buffer with fuzzy searching
nnoremap <silent> <Leader><Enter> :call fzf#run({
\   'source':  reverse(Buflist()),
\   'sink':    function('Bufopen'),
\   'options': '+m',
\   'down':    len(Buflist()) + 2
\ })<CR>

" File actions
map <Leader>ff :FZF<CR>
map <Leader>fw :w<CR>
map <Leader>fo :e %%
map <Leader>ft :tabe %%
map <leader>fq :q<cr>

" System clipboard
vmap <Leader>y "+y
vmap <Leader>d "+d
nmap <Leader>p "+p
nmap <Leader>P "+P
vmap <Leader>p "+p
vmap <Leader>P "+P

" command mode helpers
cmap w!! w !sudo tee % >/dev/null
cmap cd. lcd %:p:h
cnoremap %% <C-R>=expand('%:h').'/'<cr>

" clear search results
nmap <silent> <Leader>/ :nohlsearch<CR>

" vim: set ft=vim sw=4 ts=4 sts=4 et tw=78 nospell:
